python : C:\Users\ccaal\AppData\Local\Programs\Python\Python310\lib\site
-packages\google\api_core\_python_version_support.py:266: 
FutureWarning: You are using a Python version (3.10.11) which Google 
will stop supporting in new releases of google.api_core once it reaches 
its end of life (2026-10-04). Please upgrade to the latest Python 
version, or at least Python 3.11, to continue receiving updates for 
google.api_core past that date.
At line:1 char:1
+ python test_stage0.py > test_output.txt 2>&1
+ ~~~~~~~~~~~~~~~~~~~~~~~~~~~~~~~~~~~~~~~~~~~~
    + CategoryInfo          : NotSpecified: (C:\Users\ccaal\...past tha 
   t date.:String) [], RemoteException
    + FullyQualifiedErrorId : NativeCommandError
 
  warnings.warn(message, FutureWarning)
================================================================================
STAGE 0 TEST: Strict Claim Extraction
================================================================================
Traceback (most recent call last):
  File "C:\Users\ccaal\Downloads\projects\Descart\test_stage0.py", line 
95, in <module>
    print(f"\\n[TEST {i}] Input: {test_text}")
  File "C:\Users\ccaal\AppData\Local\Programs\Python\Python310\lib\encod
ings\cp1252.py", line 19, in encode
    return codecs.charmap_encode(input,self.errors,encoding_table)[0]
UnicodeEncodeError: 'charmap' codec can't encode character '\u016f' in 
position 27: character maps to <undefined>
